<html>
<body>
<pre>
<h1>礦ision Build Log</h1>
<h2>Tool Versions:</h2>
IDE-Version: μVision V5.14.0.0
Copyright (C) 2015 ARM Ltd and ARM Germany GmbH. All rights reserved.
License Information: z qw q Flex license: MDK-ARM Professional (Eval) (mdk_pro_eval) Operation stops: 8 Sep 2018
 
Tool Versions:
Toolchain:       MDK-ARM Professional (Eval)  Version: 5.14.0.0
Toolchain Path:  C:\Keil_v5\ARM\ARMCC\Bin
C Compiler:      Armcc.exe V5.05 update 1 (build 106)
Assembler:       Armasm.exe V5.05 update 1 (build 106)
Linker/Locator:  ArmLink.exe V5.05 update 1 (build 106)
Library Manager: ArmAr.exe V5.05 update 1 (build 106)
Hex Converter:   FromElf.exe V5.05 update 1 (build 106)
CPU DLL:         SARMCM3.DLL V5.14.0.0
Dialog DLL:      DCM.DLL V1.13.1.0
Target DLL:      Segger\JL2CM3.dll V2.99.13.0
Dialog DLL:      TCM.DLL V1.14.4.0
 
<h2>Project:</h2>
G:\组合导航资料 姜辉\PSINS学习开发板全套资料\PSINS_STM32F4xx_Keil4_V1.1\Project\Project.uvprojx
Project File Date:  09/01/2018

<h2>Output:</h2>
Rebuild target 'STM32_PSINS'
compiling stm32f4xx_it.c...
compiling usart.c...
compiling mpu9250.c...
compiling main.cpp...
compiling mcu_init.c...
compiling misc.c...
compiling stm32f4xx_dma.c...
compiling stm32f4xx_exti.c...
compiling stm32f4xx_gpio.c...
compiling stm32f4xx_i2c.c...
compiling stm32f4xx_pwr.c...
compiling stm32f4xx_rcc.c...
compiling stm32f4xx_spi.c...
compiling stm32f4xx_tim.c...
compiling stm32f4xx_usart.c...
compiling stm32f4xx_syscfg.c...
compiling system_stm32f4xx.c...
assembling startup_stm32f4xx.s...
compiling KFApp.cpp...
compiling PSINS.cpp...
..\Psinscore\PSINS.cpp(861): warning:  #928-D: incorrect use of va_start
        va_start(vl, f);
..\Psinscore\PSINS.cpp(861): warning:  #928-D: incorrect use of va_start
        va_start(vl, f);
..\Psinscore\PSINS.cpp(1535): warning:  #174-D: expression has no effect
..\Psinscore\PSINS.cpp(1529): warning:  #550-D: variable "mx" was set but never used
        double q0, q1, q2, q3, wx, wy, wz, fx, fy, fz, mx, my, mz, h11, h12, h21, h22; 
..\Psinscore\PSINS.cpp(1529): warning:  #550-D: variable "my" was set but never used
        double q0, q1, q2, q3, wx, wy, wz, fx, fy, fz, mx, my, mz, h11, h12, h21, h22; 
..\Psinscore\PSINS.cpp(1529): warning:  #550-D: variable "mz" was set but never used
        double q0, q1, q2, q3, wx, wy, wz, fx, fy, fz, mx, my, mz, h11, h12, h21, h22; 
..\Psinscore\PSINS.cpp: 6 warnings, 0 errors
linking...
Program Size: Code=28464 RO-data=960 RW-data=112 ZI-data=3616  
"..\Output\psins.axf" - 0 Error(s), 6 Warning(s).

<h2>Collection of Component include folders:</h2>
  G:\组合导航资料 姜辉\PSINS学习开发板全套资料\PSINS_STM32F4xx_Keil4_V1.1\Project\RTE
  C:\Keil_v5\ARM\PACK\Keil\STM32F4xx_DFP\1.0.8\Device\Include

<h2>Collection of Component Files used:</h2>
</pre>
</body>
</html>
